VerifyToken Error: jwt expired
TokenExpiredError: jwt expired
    at C:\Users\hp\Desktop\personal projects\NigdBureau\backend\node_modules\jsonwebtoken\verify.js:190:21
    at getSecret (C:\Users\hp\Desktop\personal projects\NigdBureau\backend\node_modules\jsonwebtoken\verify.js:97:14)
    at module.exports (C:\Users\hp\Desktop\personal projects\NigdBureau\backend\node_modules\jsonwebtoken\verify.js:101:10)
    at verifyToken (file:///C:/Users/hp/Desktop/personal%20projects/NigdBureau/backend/middleWare/verifyToken.js:15:21)
    at Layer.handleRequest (C:\Users\hp\Desktop\personal projects\NigdBureau\backend\node_modules\router\lib\layer.js:152:17)
    at next (C:\Users\hp\Desktop\personal projects\NigdBureau\backend\node_modules\router\lib\route.js:157:13)
    at Route.dispatch (C:\Users\hp\Desktop\personal projects\NigdBureau\backend\node_modules\router\lib\route.js:117:3)
    at handle (C:\Users\hp\Desktop\personal projects\NigdBureau\backend\node_modules\router\index.js:435:11)
    at Layer.handleRequest (C:\Users\hp\Desktop\personal projects\NigdBureau\backend\node_modules\router\lib\layer.js:152:17)
    at C:\Users\hp\Desktop\personal projects\NigdBureau\backend\node_modules\router\index.js:295:15
    at processParams (C:\Users\hp\Desktop\personal projects\NigdBureau\backend\node_modules\router\index.js:582:12)
    at next (C:\Users\hp\Desktop\personal projects\NigdBureau\backend\node_modules\router\index.js:291:5)
    at Function.handle (C:\Users\hp\Desktop\personal projects\NigdBureau\backend\node_modules\router\index.js:186:3)
    at router (C:\Users\hp\Desktop\personal projects\NigdBureau\backend\node_modules\router\index.js:60:12)
    at Layer.handleRequest (C:\Users\hp\Desktop\personal projects\NigdBureau\backend\node_modules\router\lib\layer.js:152:17)
    at trimPrefix (C:\Users\hp\Desktop\personal projects\NigdBureau\backend\node_modules\router\index.js:342:13)

VerifyToken Error: jwt expired
TokenExpiredError: jwt expired
    at C:\Users\hp\Desktop\personal projects\NigdBureau\backend\node_modules\jsonwebtoken\verify.js:190:21
    at getSecret (C:\Users\hp\Desktop\personal projects\NigdBureau\backend\node_modules\jsonwebtoken\verify.js:97:14)
    at module.exports (C:\Users\hp\Desktop\personal projects\NigdBureau\backend\node_modules\jsonwebtoken\verify.js:101:10)
    at verifyToken (file:///C:/Users/hp/Desktop/personal%20projects/NigdBureau/backend/middleWare/verifyToken.js:15:21)
    at Layer.handleRequest (C:\Users\hp\Desktop\personal projects\NigdBureau\backend\node_modules\router\lib\layer.js:152:17)
    at next (C:\Users\hp\Desktop\personal projects\NigdBureau\backend\node_modules\router\lib\route.js:157:13)
    at Route.dispatch (C:\Users\hp\Desktop\personal projects\NigdBureau\backend\node_modules\router\lib\route.js:117:3)
    at handle (C:\Users\hp\Desktop\personal projects\NigdBureau\backend\node_modules\router\index.js:435:11)
    at Layer.handleRequest (C:\Users\hp\Desktop\personal projects\NigdBureau\backend\node_modules\router\lib\layer.js:152:17)
    at C:\Users\hp\Desktop\personal projects\NigdBureau\backend\node_modules\router\index.js:295:15
    at processParams (C:\Users\hp\Desktop\personal projects\NigdBureau\backend\node_modules\router\index.js:582:12)
    at next (C:\Users\hp\Desktop\personal projects\NigdBureau\backend\node_modules\router\index.js:291:5)
    at Function.handle (C:\Users\hp\Desktop\personal projects\NigdBureau\backend\node_modules\router\index.js:186:3)
    at router (C:\Users\hp\Desktop\personal projects\NigdBureau\backend\node_modules\router\index.js:60:12)
    at Layer.handleRequest (C:\Users\hp\Desktop\personal projects\NigdBureau\backend\node_modules\router\lib\layer.js:152:17)
    at trimPrefix (C:\Users\hp\Desktop\personal projects\NigdBureau\backend\node_modules\router\index.js:342:13)

